// Jest Snapshot v1, https://goo.gl/fbAQLP

exports[`<Header /> should render a div 1`] = `
<div>
  <a
    class="A-br8h0y-0 A-p44m4v-0 cYguYL"
  >
    <img
      alt="react-boilerplate - Logo"
      class="Img-sc-9pa8on-0 guLDBS"
      src="IMAGE_MOCK"
    />
  </a>
  <div
    class="NavBar-sc-3b48xb-0 ioQxlc"
  >
    <a
      class="HeaderLink-sc-1mtyaiv-0 hMiTYG"
      href="/display"
    >
      <span>
        Display
      </span>
    </a>
    <a
      class="HeaderLink-sc-1mtyaiv-0 hMiTYG"
      href="/display/new"
    >
      <span>
        New
      </span>
    </a>
  </div>
</div>
`;
